// Jest Snapshot v1, https://goo.gl/fbAQLP

exports[`STATELESS - <ErrorBoundary /> will render 1`] = `""`;
